[Engine] Initializing model...
[Engine] Loading weights...
[Engine] Profiling kv blocks...
[Model.profile] GPU total memory: 23.56 GB, runtime peak memory: 19.87 GB
[Engine] Number of GPU blocks: 1768 (3.45 GB)
[Engine] Number of CPU blocks: 4096 (8.00 GB)
[Engine] Allocating kv cache and swap...
[Engine] Initializing scheduler...
[Engine] Initializing tokenization engine...
2026-09-11 01:58:19,222	INFO worker.py:2012 -- Started a local Ray instance.
/nfs/home/s314511048/.venv/lib/python3.12/site-packages/ray/_private/worker.py:2051: FutureWarning: Tip: In future versions of Ray, Ray will no longer override accelerator visible devices env var if num_gpus=0 or num_gpus=None (default). To enable this behavior and turn off this error message, set RAY_ACCEL_ENV_VAR_OVERRIDE_ON_ZERO=0
  warnings.warn(
[Engine] Model initialized
{
  "achieved_arrival_rate_rps": 0.7499946016178043,
  "achieved_offered_arrival_rate_rps": 0.75,
  "actual_interarrival_rate_rps": 0.7499946016178043,
  "completed_request_count": 20,
  "completed_request_throughput_rps": 0.7576276127663569,
  "engine_tpot_s": {
    "count": 20,
    "mean": 0.07846598423,
    "p50": 0.03753021363333333,
    "p95": 0.14075680524333348,
    "p99": 0.2821222363553331
  },
  "engine_ttft_s": {
    "count": 20,
    "mean": 2.93084314985,
    "p50": 0.64207602,
    "p95": 8.67885337295,
    "p99": 9.692146232989998
  },
  "failed_or_incomplete_request_count": 0,
  "generated_output_token_count": 320,
  "generated_token_throughput_tps": 12.12204180426171,
  "gpu_memory": {
    "gpu_memory_free_bytes": {
      "count": 107,
      "max": 4683988992.0,
      "mean": 4113524448.8971963,
      "min": 3836739584.0
    },
    "gpu_memory_total_bytes": {
      "count": 107,
      "max": 25296044032.0,
      "mean": 25296044032.0,
      "min": 25296044032.0
    },
    "gpu_memory_used_bytes": {
      "count": 107,
      "max": 21459304448.0,
      "mean": 21182519583.102802,
      "min": 20612055040.0
    }
  },
  "measurement_duration_s": 26.398193074,
  "num_gpu_blocks_observed": [
    1768
  ],
  "peak_logical_kv_utilization": 0.7296380090497737,
  "peak_num_decoding_gpu_blocks": 1290.0,
  "peak_running_count": 10.0,
  "peak_swapped_queue_depth": 0.0,
  "peak_waiting_queue_depth": 6.0,
  "preemption_count": 0,
  "queueing_delay_s": {
    "count": 20,
    "mean": 0.29446313445000005,
    "p50": 0.014247009500000001,
    "p95": 0.6604180958000009,
    "p99": 1.6727437927599984
  },
  "request_count": 20,
  "run_id": "sweep-rps-0.75",
  "schema_version": 1,
  "source_files": [
    "metadata.json",
    "requests.jsonl",
    "telemetry.jsonl"
  ],
  "swap_in_count": 0,
  "swap_out_count": 0,
  "target_rps": 0.75,
  "telemetry_sample_count": 107,
  "telemetry_stats": {
    "logical_kv_utilization": {
      "count": 107,
      "max": 0.7296380090497737,
      "mean": 0.13010635598596018,
      "min": 0.0,
      "p50": 0.07239819004524888,
      "p95": 0.6515837104072398,
      "p99": 0.7292986425339366
    },
    "num_decoding_gpu_blocks": {
      "count": 107,
      "max": 1290.0,
      "mean": 230.02803738317758,
      "min": 0.0,
      "p50": 128.0,
      "p95": 1152.0,
      "p99": 1289.4
    },
    "num_gpu_blocks": {
      "count": 107,
      "max": 1768.0,
      "mean": 1768.0,
      "min": 1768.0,
      "p50": 1768.0,
      "p95": 1768.0,
      "p99": 1768.0
    },
    "running_q_count": {
      "count": 107,
      "max": 10.0,
      "mean": 1.794392523364486,
      "min": 0.0,
      "p50": 1.0,
      "p95": 9.0,
      "p99": 10.0
    },
    "swapped_q_count": {
      "count": 107,
      "max": 0.0,
      "mean": 0.0,
      "min": 0.0,
      "p50": 0.0,
      "p95": 0.0,
      "p99": 0.0
    },
    "waiting_q_depth": {
      "count": 107,
      "max": 6.0,
      "mean": 0.205607476635514,
      "min": 0.0,
      "p50": 0.0,
      "p95": 1.0,
      "p99": 5.759999999999991
    }
  },
  "token_throughput_tps": 12.12204180426171,
  "tpot_s": {
    "count": 20,
    "mean": 0.07847658219666667,
    "p50": 0.03752984326666667,
    "p95": 0.14077959249000013,
    "p99": 0.28212752404466646
  },
  "ttft_s": {
    "count": 20,
    "mean": 2.9310271232000003,
    "p50": 0.642191943,
    "p95": 8.679108925000001,
    "p99": 9.692370823399997
  }
}
raw benchmark run: benchmark-results/phase-1/final-kv-admission-sweep/runs/sweep-rps-0.75
