[Engine] Initializing model...
[Engine] Loading weights...
[Engine] Profiling kv blocks...
[Model.profile] GPU total memory: 23.56 GB, runtime peak memory: 19.87 GB
[Engine] Number of GPU blocks: 1768 (3.45 GB)
[Engine] Number of CPU blocks: 4096 (8.00 GB)
[Engine] Allocating kv cache and swap...
[Engine] Initializing scheduler...
[Engine] Initializing tokenization engine...
2026-09-11 01:53:54,306	INFO worker.py:2012 -- Started a local Ray instance.
/nfs/home/s314511048/.venv/lib/python3.12/site-packages/ray/_private/worker.py:2051: FutureWarning: Tip: In future versions of Ray, Ray will no longer override accelerator visible devices env var if num_gpus=0 or num_gpus=None (default). To enable this behavior and turn off this error message, set RAY_ACCEL_ENV_VAR_OVERRIDE_ON_ZERO=0
  warnings.warn(
[Engine] Model initialized
{
  "achieved_arrival_rate_rps": 0.49999823622990597,
  "achieved_offered_arrival_rate_rps": 0.5,
  "actual_interarrival_rate_rps": 0.49999823622990597,
  "completed_request_count": 20,
  "completed_request_throughput_rps": 0.5117050021612265,
  "engine_tpot_s": {
    "count": 20,
    "mean": 0.04939270252333333,
    "p50": 0.03888665946666667,
    "p95": 0.07030170035333341,
    "p99": 0.16417205591066653
  },
  "engine_ttft_s": {
    "count": 20,
    "mean": 1.9116353211500001,
    "p50": 0.5222245999999999,
    "p95": 8.3989992457,
    "p99": 8.51077621074
  },
  "failed_or_incomplete_request_count": 0,
  "generated_output_token_count": 320,
  "generated_token_throughput_tps": 8.187280034579624,
  "gpu_memory": {
    "gpu_memory_free_bytes": {
      "count": 157,
      "max": 4683988992.0,
      "mean": 4254473561.6815286,
      "min": 4027580416.0
    },
    "gpu_memory_total_bytes": {
      "count": 157,
      "max": 25296044032.0,
      "mean": 25296044032.0,
      "min": 25296044032.0
    },
    "gpu_memory_used_bytes": {
      "count": 157,
      "max": 21268463616.0,
      "mean": 21041570470.31847,
      "min": 20612055040.0
    }
  },
  "measurement_duration_s": 39.085019524,
  "num_gpu_blocks_observed": [
    1768
  ],
  "peak_logical_kv_utilization": 0.43778280542986425,
  "peak_num_decoding_gpu_blocks": 774.0,
  "peak_running_count": 6.0,
  "peak_swapped_queue_depth": 0.0,
  "peak_waiting_queue_depth": 4.0,
  "preemption_count": 0,
  "queueing_delay_s": {
    "count": 20,
    "mean": 0.12398279755000001,
    "p50": 0.0079752105,
    "p95": 0.501838871,
    "p99": 0.501838871
  },
  "request_count": 20,
  "run_id": "phase1-final-rps-0p5",
  "schema_version": 1,
  "source_files": [
    "metadata.json",
    "requests.jsonl",
    "telemetry.jsonl"
  ],
  "swap_in_count": 0,
  "swap_out_count": 0,
  "target_rps": 0.5,
  "telemetry_sample_count": 157,
  "telemetry_stats": {
    "logical_kv_utilization": {
      "count": 157,
      "max": 0.43778280542986425,
      "mean": 0.05734645646597689,
      "min": 0.0,
      "p50": 0.0,
      "p95": 0.36199095022624433,
      "p99": 0.43588235294117644
    },
    "num_decoding_gpu_blocks": {
      "count": 157,
      "max": 774.0,
      "mean": 101.38853503184713,
      "min": 0.0,
      "p50": 0.0,
      "p95": 640.0,
      "p99": 770.64
    },
    "num_gpu_blocks": {
      "count": 157,
      "max": 1768.0,
      "mean": 1768.0,
      "min": 1768.0,
      "p50": 1768.0,
      "p95": 1768.0,
      "p99": 1768.0
    },
    "running_q_count": {
      "count": 157,
      "max": 6.0,
      "mean": 0.7898089171974523,
      "min": 0.0,
      "p50": 0.0,
      "p95": 5.0,
      "p99": 6.0
    },
    "swapped_q_count": {
      "count": 157,
      "max": 0.0,
      "mean": 0.0,
      "min": 0.0,
      "p50": 0.0,
      "p95": 0.0,
      "p99": 0.0
    },
    "waiting_q_depth": {
      "count": 157,
      "max": 4.0,
      "mean": 0.06369426751592357,
      "min": 0.0,
      "p50": 0.0,
      "p95": 0.0,
      "p99": 2.319999999999993
    }
  },
  "token_throughput_tps": 8.187280034579624,
  "tpot_s": {
    "count": 20,
    "mean": 0.04939541541,
    "p50": 0.03887767193333333,
    "p95": 0.07031922550333342,
    "p99": 0.16417475118066654
  },
  "ttft_s": {
    "count": 20,
    "mean": 1.91180286405,
    "p50": 0.522489187,
    "p95": 8.399170971650001,
    "p99": 8.510940366329999
  }
}
raw benchmark run: benchmark-results/phase1-final-rps-0p5
