[Engine] Initializing model...
[Engine] Loading weights...
[Engine] Profiling kv blocks...
[Model.profile] GPU total memory: 23.56 GB, runtime peak memory: 19.87 GB
[Engine] Number of GPU blocks: 1768 (3.45 GB)
[Engine] Number of CPU blocks: 4096 (8.00 GB)
[Engine] Allocating kv cache and swap...
[Engine] Initializing scheduler...
[Engine] Initializing tokenization engine...
2026-09-11 02:02:36,318	INFO worker.py:2012 -- Started a local Ray instance.
/nfs/home/s314511048/.venv/lib/python3.12/site-packages/ray/_private/worker.py:2051: FutureWarning: Tip: In future versions of Ray, Ray will no longer override accelerator visible devices env var if num_gpus=0 or num_gpus=None (default). To enable this behavior and turn off this error message, set RAY_ACCEL_ENV_VAR_OVERRIDE_ON_ZERO=0
  warnings.warn(
[Engine] Model initialized
{
  "achieved_arrival_rate_rps": 2.000010047418896,
  "achieved_offered_arrival_rate_rps": 2.0,
  "actual_interarrival_rate_rps": 2.000010047418896,
  "completed_request_count": 20,
  "completed_request_throughput_rps": 1.089411173166125,
  "engine_tpot_s": {
    "count": 20,
    "mean": 0.05380279803666667,
    "p50": 0.03727818953333333,
    "p95": 0.056152640916666934,
    "p99": 0.34304430194333285
  },
  "engine_ttft_s": {
    "count": 20,
    "mean": 10.3569582692,
    "p50": 10.218897865999999,
    "p95": 13.06503257175,
    "p99": 13.44493616955
  },
  "failed_or_incomplete_request_count": 0,
  "generated_output_token_count": 320,
  "generated_token_throughput_tps": 17.430578770658,
  "gpu_memory": {
    "gpu_memory_free_bytes": {
      "count": 75,
      "max": 4683988992.0,
      "mean": 3573057672.5333333,
      "min": 2639265792.0
    },
    "gpu_memory_total_bytes": {
      "count": 75,
      "max": 25296044032.0,
      "mean": 25296044032.0,
      "min": 25296044032.0
    },
    "gpu_memory_used_bytes": {
      "count": 75,
      "max": 22656778240.0,
      "mean": 21722986359.466667,
      "min": 20612055040.0
    }
  },
  "measurement_duration_s": 18.358541286,
  "num_gpu_blocks_observed": [
    1768
  ],
  "peak_logical_kv_utilization": 0.9485294117647058,
  "peak_num_decoding_gpu_blocks": 1677.0,
  "peak_running_count": 13.0,
  "peak_swapped_queue_depth": 0.0,
  "peak_waiting_queue_depth": 16.0,
  "preemption_count": 0,
  "queueing_delay_s": {
    "count": 20,
    "mean": 2.47652393595,
    "p50": 0.498923889,
    "p95": 6.729103932,
    "p99": 6.729103932
  },
  "request_count": 20,
  "run_id": "repeat-rps-2.00",
  "schema_version": 1,
  "source_files": [
    "metadata.json",
    "requests.jsonl",
    "telemetry.jsonl"
  ],
  "swap_in_count": 0,
  "swap_out_count": 0,
  "target_rps": 2.0,
  "telemetry_sample_count": 75,
  "telemetry_stats": {
    "logical_kv_utilization": {
      "count": 75,
      "max": 0.9485294117647058,
      "mean": 0.4242232277526395,
      "min": 0.0,
      "p50": 0.5067873303167421,
      "p95": 0.9411764705882353,
      "p99": 0.9485294117647058
    },
    "num_decoding_gpu_blocks": {
      "count": 75,
      "max": 1677.0,
      "mean": 750.0266666666666,
      "min": 0.0,
      "p50": 896.0,
      "p95": 1664.0,
      "p99": 1677.0
    },
    "num_gpu_blocks": {
      "count": 75,
      "max": 1768.0,
      "mean": 1768.0,
      "min": 1768.0,
      "p50": 1768.0,
      "p95": 1768.0,
      "p99": 1768.0
    },
    "running_q_count": {
      "count": 75,
      "max": 13.0,
      "mean": 5.8533333333333335,
      "min": 0.0,
      "p50": 7.0,
      "p95": 13.0,
      "p99": 13.0
    },
    "swapped_q_count": {
      "count": 75,
      "max": 0.0,
      "mean": 0.0,
      "min": 0.0,
      "p50": 0.0,
      "p95": 0.0,
      "p99": 0.0
    },
    "waiting_q_depth": {
      "count": 75,
      "max": 16.0,
      "mean": 2.68,
      "min": 0.0,
      "p50": 0.0,
      "p95": 7.0,
      "p99": 16.0
    }
  },
  "token_throughput_tps": 17.430578770658,
  "tpot_s": {
    "count": 20,
    "mean": 0.053813181843333335,
    "p50": 0.03728494123333333,
    "p95": 0.05618173507666693,
    "p99": 0.3430485870686662
  },
  "ttft_s": {
    "count": 20,
    "mean": 10.3573700011,
    "p50": 10.219312341,
    "p95": 13.06543384025,
    "p99": 13.445296907249999
  }
}
raw benchmark run: benchmark-results/phase-1/final-kv-admission-sweep/runs/repeat-rps-2.00
