[Weight] Allocating 14.96 GB pinned memory buffer
[Weight] Pre-allocating GPU buffer
[Weight] Freeing pinned CPU memory...
[Weight] model loaded successfully.
[Model.init_kvcache_and_swap] self.k_cache.shape: torch.Size([512, 32, 8, 16, 128])
[Model.init_kvcache_and_swap] self.v_cache.shape: torch.Size([512, 32, 8, 16, 128])
[Model.init_kvcache_and_swap] self.k_cache.shape: torch.Size([512, 32, 8, 16, 128])
[Model.init_kvcache_and_swap] self.v_cache.shape: torch.Size([512, 32, 8, 16, 128])
{
  "passed": true,
  "gate": {
    "all_submitted_ids_once": true,
    "all_completed_exact_512": true,
    "raw_system_telemetry_present": true,
    "controller_telemetry_present": true,
    "morphing_observed": true,
    "recovery_observed": true,
    "final_no_pending_layer_events": true,
    "final_executor_not_poisoned": true,
    "summary_matches_record_count": true
  },
  "summary": {
    "schema_version": 2,
    "classification": "modified-condition end-to-end workload benchmark",
    "configuration": "MorphServe-default",
    "trace": "burstgpt-v1.1-systematic-1.75x.jsonl",
    "request_count": 123,
    "completed_count": 123,
    "completion_rate": 1.0,
    "error_count": 0,
    "timeout_count": 0,
    "ttft_s": {
      "p50": 368.2621788829565,
      "p95": 750.2892564376816,
      "p99": 782.2813368293922
    },
    "tpot_s": {
      "p50": 0.06549066677689552,
      "p95": 0.08082907274365425,
      "p99": 0.09121025262400499
    },
    "queue_delay_s": {
      "p50": 367.767497906927,
      "p95": 749.7972167128697,
      "p99": 781.7899792604893
    },
    "ttft_over_2s_count": 118,
    "ttft_over_2s_fraction_submitted": 0.959349593495935,
    "ttft_over_2s_fraction_completed": 0.959349593495935,
    "completed_request_throughput_s": 0.14109878305841844,
    "output_token_throughput_s": 72.24257692591024,
    "duration_s": 871.7297012340277,
    "max_queue_depth": 108,
    "peak_kv_capacity_blocks": 1736,
    "peak_kv_used_blocks": 473,
    "peak_kv_usage_fraction": 0.658203125,
    "time_weighted_kv_capacity_blocks": 1710.4895026898942,
    "time_weighted_kv_used_blocks": 398.9450256621926,
    "morph_count": 4,
    "recovery_count": 4,
    "duration_with_one_or_more_quantized_layers_s": 853.8477542558685,
    "maximum_simultaneous_quantized_layers": 8,
    "scheduler_preemption_count": null,
    "scheduler_preemptions_measured": false,
    "final_active_w4_layers": [],
    "final_pending_layer_events": [],
    "final_executor_poisoned": false,
    "valid_for_comparison": true,
    "percentile_definition": "Hyndman-Fan type 7 linear interpolation; TTFT per request and TPOT per generated-token interval",
    "raw_accounting_definition": "every submitted request is retained exactly once, including errors/timeouts; invalid runs are excluded from comparison"
  },
  "final": {
    "active_w4_layers": [],
    "pending_layer_events": [],
    "executor_poisoned": false,
    "controller_poisoned": false,
    "kv_capacity_blocks": 512,
    "kv_free_blocks": 512
  }
}
