{
  "barrier_interpretation": "Reported barrier lags are parallel and non-additive because threshold, dwell, queue/preemption, persistence, and feasibility overlap. The ordered threshold and dwell lags are descriptive, not randomized causal mediation.",
  "candidate_count": 1,
  "candidates": {
    "primary_quiet_pressure_drop": {
      "current_fp16_reference_utilization_lte": 1.25,
      "current_waiting_eq": 0,
      "history_window_s": 15.0,
      "new_preemptions_eq": 0,
      "prior_window_s": 10.0,
      "recent_to_prior_utilization_ratio_lte": 0.8,
      "recent_window_s": 5.0,
      "waiting_mean_lte": 0.5
    }
  },
  "capacities": {
    "physical_runtime_fp16_blocks": 1759,
    "policy_reference_fp16_blocks": 1768
  },
  "runs": [
    {
      "allocated_blocks_at_awq_entry_completion": 1692,
      "awq_stable_s": 69.529675586,
      "dwell90_lag_after_qualifying_le070_episode_s": 9.000824002000002,
      "entry_request_s": 68.755579782,
      "first_old_current_le070_s": 89.750559486,
      "first_old_dwell90_ready_s": 98.751383488,
      "first_old_persistence_ready_s": 79.000636126,
      "first_old_preemption_ready_s": 78.25109322,
      "first_old_release_rule_true_s": 98.751383488,
      "first_old_waiting_ready_s": 81.250603272,
      "first_physical_shrink_feasible_s": 69.529675586,
      "first_pressure_clearance_ready_s": 81.250603272,
      "first_stable_awq_controller_sample_s": 69.750677042,
      "le070_first_crossing_lag_after_first_physical_feasibility_s": 20.220883900000004,
      "le070_qualifying_episode_lag_after_first_physical_feasibility_s": 20.220883900000004,
      "measurement_duration_s": 102.448779886,
      "observed_restore_allocated_blocks_at_hot_start": 93,
      "observed_restore_request_to_hot_start_s": 0.041942815,
      "old_release_censored_at_measurement_end": false,
      "old_release_lag_after_first_physical_feasibility_s": 29.221707902000006,
      "old_release_lag_after_pressure_clearance_s": 17.500780215999995,
      "persistence_barrier_from_entry_request_s": 10.245056344000005,
      "persistence_incremental_block_at_old_release_s": 0.0,
      "physical_feasibility_barrier_from_awq_stable_s": 0.0,
      "physical_feasible_at_awq_entry_completion": true,
      "preemptions_at_awq_stable": 5,
      "preemptions_at_end": 5,
      "primary_quiet_pressure_drop_blocks_above_1759_at_intent": -326,
      "primary_quiet_pressure_drop_first_observed_feasible_after_intent_s": 86.000540494,
      "primary_quiet_pressure_drop_first_true_s": 86.000540494,
      "primary_quiet_pressure_drop_lead_vs_old_release_s": 12.750842993999996,
      "primary_quiet_pressure_drop_observed_feasibility_lag_s": 0.0,
      "primary_quiet_pressure_drop_physical_used_blocks_at_intent": 1433,
      "primary_quiet_pressure_drop_scheduler_used_blocks_at_intent": 1433,
      "qualifying_or_terminal_le070_episode_start_s": 89.750559486,
      "run_id": "v9-high-closed_loop_dynamic-rep0",
      "terminal_old_le070_fraction": 1.0,
      "waiting_preemption_barrier_from_awq_stable_s": 11.72092768600001,
      "waiting_queue_area_post_awq_request_s": 8.709473166000095,
      "workload_class": "high"
    },
    {
      "allocated_blocks_at_awq_entry_completion": 1710,
      "awq_stable_s": 48.226478474,
      "dwell90_lag_after_qualifying_le070_episode_s": 9.000025710000003,
      "entry_request_s": 47.262019482,
      "first_old_current_le070_s": 89.750722009,
      "first_old_dwell90_ready_s": 98.750747719,
      "first_old_persistence_ready_s": 57.500256968,
      "first_old_preemption_ready_s": 57.000629021,
      "first_old_release_rule_true_s": 98.750747719,
      "first_old_waiting_ready_s": 58.50050381,
      "first_physical_shrink_feasible_s": 48.226478474,
      "first_pressure_clearance_ready_s": 58.50050381,
      "first_stable_awq_controller_sample_s": 48.268706838,
      "le070_first_crossing_lag_after_first_physical_feasibility_s": 41.524243535000004,
      "le070_qualifying_episode_lag_after_first_physical_feasibility_s": 41.524243535000004,
      "measurement_duration_s": 103.580440307,
      "observed_restore_allocated_blocks_at_hot_start": 92,
      "observed_restore_request_to_hot_start_s": 0.007315119,
      "old_release_censored_at_measurement_end": false,
      "old_release_lag_after_first_physical_feasibility_s": 50.524269245000006,
      "old_release_lag_after_pressure_clearance_s": 40.250243909000005,
      "persistence_barrier_from_entry_request_s": 10.238237486000003,
      "persistence_incremental_block_at_old_release_s": 0.0,
      "physical_feasibility_barrier_from_awq_stable_s": 0.0,
      "physical_feasible_at_awq_entry_completion": true,
      "preemptions_at_awq_stable": 2,
      "preemptions_at_end": 2,
      "primary_quiet_pressure_drop_blocks_above_1759_at_intent": -306,
      "primary_quiet_pressure_drop_first_observed_feasible_after_intent_s": 85.000374503,
      "primary_quiet_pressure_drop_first_true_s": 85.000374503,
      "primary_quiet_pressure_drop_lead_vs_old_release_s": 13.750373216,
      "primary_quiet_pressure_drop_observed_feasibility_lag_s": 0.0,
      "primary_quiet_pressure_drop_physical_used_blocks_at_intent": 1453,
      "primary_quiet_pressure_drop_scheduler_used_blocks_at_intent": 1453,
      "qualifying_or_terminal_le070_episode_start_s": 89.750722009,
      "run_id": "v9-high-closed_loop_dynamic-rep1",
      "terminal_old_le070_fraction": 1.0,
      "waiting_preemption_barrier_from_awq_stable_s": 10.274025336000001,
      "waiting_queue_area_post_awq_request_s": 26.64175832500004,
      "workload_class": "high"
    },
    {
      "allocated_blocks_at_awq_entry_completion": 1724,
      "awq_stable_s": 134.017603107,
      "dwell90_lag_after_qualifying_le070_episode_s": 8.872626367999999,
      "entry_request_s": 133.259500791,
      "first_old_current_le070_s": 200.501112124,
      "first_old_dwell90_ready_s": null,
      "first_old_persistence_ready_s": 143.500281727,
      "first_old_preemption_ready_s": 134.250447614,
      "first_old_release_rule_true_s": null,
      "first_old_waiting_ready_s": 143.000943305,
      "first_physical_shrink_feasible_s": 134.017603107,
      "first_pressure_clearance_ready_s": 143.000943305,
      "first_stable_awq_controller_sample_s": 134.250447614,
      "le070_first_crossing_lag_after_first_physical_feasibility_s": 66.48350901699999,
      "le070_qualifying_episode_lag_after_first_physical_feasibility_s": 152.23311724999996,
      "measurement_duration_s": 295.123346725,
      "observed_restore_allocated_blocks_at_hot_start": null,
      "observed_restore_request_to_hot_start_s": null,
      "old_release_censored_at_measurement_end": true,
      "old_release_lag_after_first_physical_feasibility_s": null,
      "old_release_lag_after_pressure_clearance_s": null,
      "persistence_barrier_from_entry_request_s": 10.240780935999993,
      "persistence_incremental_block_at_old_release_s": null,
      "physical_feasibility_barrier_from_awq_stable_s": 0.0,
      "physical_feasible_at_awq_entry_completion": true,
      "preemptions_at_awq_stable": 4,
      "preemptions_at_end": 4,
      "primary_quiet_pressure_drop_blocks_above_1759_at_intent": 85,
      "primary_quiet_pressure_drop_first_observed_feasible_after_intent_s": 200.250200786,
      "primary_quiet_pressure_drop_first_true_s": 199.000753372,
      "primary_quiet_pressure_drop_lead_vs_old_release_s": null,
      "primary_quiet_pressure_drop_observed_feasibility_lag_s": 1.2494474140000023,
      "primary_quiet_pressure_drop_physical_used_blocks_at_intent": 1844,
      "primary_quiet_pressure_drop_scheduler_used_blocks_at_intent": 1844,
      "qualifying_or_terminal_le070_episode_start_s": 286.250720357,
      "run_id": "v9-low_high_low-closed_loop_dynamic-rep0",
      "terminal_old_le070_fraction": 0.8749690611999995,
      "waiting_preemption_barrier_from_awq_stable_s": 8.98334019799998,
      "waiting_queue_area_post_awq_request_s": 83.67766467399994,
      "workload_class": "low_high_low"
    },
    {
      "allocated_blocks_at_awq_entry_completion": 1746,
      "awq_stable_s": 110.932169202,
      "dwell90_lag_after_qualifying_le070_episode_s": 9.250600151000015,
      "entry_request_s": 110.00985548,
      "first_old_current_le070_s": 201.001327955,
      "first_old_dwell90_ready_s": 295.750785833,
      "first_old_persistence_ready_s": 120.250298796,
      "first_old_preemption_ready_s": 118.00103437,
      "first_old_release_rule_true_s": 295.750785833,
      "first_old_waiting_ready_s": 120.001202231,
      "first_physical_shrink_feasible_s": 110.932169202,
      "first_pressure_clearance_ready_s": 120.001202231,
      "first_stable_awq_controller_sample_s": 111.000120684,
      "le070_first_crossing_lag_after_first_physical_feasibility_s": 90.069158753,
      "le070_qualifying_episode_lag_after_first_physical_feasibility_s": 175.56801647999998,
      "measurement_duration_s": 298.082315769,
      "observed_restore_allocated_blocks_at_hot_start": 96,
      "observed_restore_request_to_hot_start_s": 0.004968667,
      "old_release_censored_at_measurement_end": false,
      "old_release_lag_after_first_physical_feasibility_s": 184.818616631,
      "old_release_lag_after_pressure_clearance_s": 175.74958360200003,
      "persistence_barrier_from_entry_request_s": 10.240443315999997,
      "persistence_incremental_block_at_old_release_s": 0.0,
      "physical_feasibility_barrier_from_awq_stable_s": 0.0,
      "physical_feasible_at_awq_entry_completion": true,
      "preemptions_at_awq_stable": 10,
      "preemptions_at_end": 10,
      "primary_quiet_pressure_drop_blocks_above_1759_at_intent": 88,
      "primary_quiet_pressure_drop_first_observed_feasible_after_intent_s": 201.001327955,
      "primary_quiet_pressure_drop_first_true_s": 199.750554416,
      "primary_quiet_pressure_drop_lead_vs_old_release_s": 96.00023141700001,
      "primary_quiet_pressure_drop_observed_feasibility_lag_s": 1.2507735389999937,
      "primary_quiet_pressure_drop_physical_used_blocks_at_intent": 1847,
      "primary_quiet_pressure_drop_scheduler_used_blocks_at_intent": 1847,
      "qualifying_or_terminal_le070_episode_start_s": 286.500185682,
      "run_id": "v9-low_high_low-closed_loop_dynamic-rep1",
      "terminal_old_le070_fraction": 1.0,
      "waiting_preemption_barrier_from_awq_stable_s": 9.069033028999996,
      "waiting_queue_area_post_awq_request_s": 89.27729966400017,
      "workload_class": "low_high_low"
    }
  ],
  "schema_version": 1,
  "status": "development_replay_not_final_validation",
  "warning": "Candidate timestamps are retrospective first-fire times on frozen v9 traces. Earlier release would change execution, so held-out causal runs are mandatory."
}
