[Weight] Allocating 14.96 GB pinned memory buffer
[Weight] Pre-allocating GPU buffer
[Weight] Freeing pinned CPU memory...
[Weight] model loaded successfully.
[Model.init_kvcache_and_swap] self.k_cache.shape: torch.Size([1024, 32, 8, 16, 128])
[Model.init_kvcache_and_swap] self.v_cache.shape: torch.Size([1024, 32, 8, 16, 128])
{
  "passed": true,
  "gate": {
    "all_submitted_ids_once": true,
    "all_completed_exact_512": true,
    "raw_system_telemetry_present": true,
    "controller_telemetry_present": true,
    "morphing_observed": true,
    "recovery_observed": true,
    "final_no_pending_layer_events": true,
    "final_executor_not_poisoned": true,
    "summary_matches_record_count": true
  },
  "summary": {
    "schema_version": 2,
    "classification": "modified-condition end-to-end workload benchmark",
    "configuration": "W4",
    "trace": "burstgpt-v1.1-systematic-1.75x.jsonl",
    "request_count": 123,
    "completed_count": 123,
    "completion_rate": 1.0,
    "error_count": 0,
    "timeout_count": 0,
    "ttft_s": {
      "p50": 238.01835300168023,
      "p95": 438.98009764654563,
      "p99": 458.01911829635503
    },
    "tpot_s": {
      "p50": 0.03740041423588991,
      "p95": 0.05441715335473418,
      "p99": 0.08523303264752019
    },
    "queue_delay_s": {
      "p50": 237.9798984248191,
      "p95": 438.9414217622019,
      "p99": 457.97376671170815
    },
    "ttft_over_2s_count": 118,
    "ttft_over_2s_fraction_submitted": 0.959349593495935,
    "ttft_over_2s_fraction_completed": 0.959349593495935,
    "completed_request_throughput_s": 0.22392034994296367,
    "output_token_throughput_s": 114.6472191707974,
    "duration_s": 549.3024641633965,
    "max_queue_depth": 108,
    "peak_kv_capacity_blocks": 1024,
    "peak_kv_used_blocks": 477,
    "peak_kv_usage_fraction": 0.4658203125,
    "time_weighted_kv_capacity_blocks": 1024.0,
    "time_weighted_kv_used_blocks": 395.24892515213986,
    "morph_count": 0,
    "recovery_count": 0,
    "duration_with_one_or_more_quantized_layers_s": 548.7224056301638,
    "maximum_simultaneous_quantized_layers": 32,
    "scheduler_preemption_count": null,
    "scheduler_preemptions_measured": false,
    "final_active_w4_layers": [],
    "final_pending_layer_events": [],
    "final_executor_poisoned": false,
    "valid_for_comparison": true,
    "percentile_definition": "Hyndman-Fan type 7 linear interpolation; TTFT per request and TPOT per generated-token interval",
    "raw_accounting_definition": "every submitted request is retained exactly once, including errors/timeouts; invalid runs are excluded from comparison"
  },
  "final": {
    "active_w4_layers": [],
    "pending_layer_events": [],
    "executor_poisoned": false,
    "controller_poisoned": false,
    "kv_capacity_blocks": 1024,
    "kv_free_blocks": 1024
  }
}
