[Weight] Allocating 14.96 GB pinned memory buffer
[Weight] Pre-allocating GPU buffer
[Weight] Freeing pinned CPU memory...
[Weight] model loaded successfully.
[Model.init_kvcache_and_swap] self.k_cache.shape: torch.Size([4, 32, 8, 4, 128])
[Model.init_kvcache_and_swap] self.v_cache.shape: torch.Size([4, 32, 8, 4, 128])
{
  "gate": {
    "predicted_allocations": true,
    "request_counts": true,
    "free_groups_recovered_lifo": true,
    "occupied_group_refused": true,
    "refusal_preserved_state": true,
    "after_free_recovery_succeeded": true,
    "final_baseline_state": true,
    "final_fp16_exact": true,
    "fcfs_unchanged": true,
    "ordinary_preemptions_zero": true
  },
  "rows_before": {
    "0": [
      0,
      1,
      2,
      3,
      4
    ],
    "1": [
      5
    ]
  },
  "refusal": {
    "event_success": false,
    "selected": [
      25
    ],
    "active_layers": [
      25
    ],
    "group_layers": [
      25
    ],
    "rows_unchanged": true,
    "counts_unchanged": true,
    "sentinel_unchanged": true,
    "queues_unchanged": true
  },
  "final": {
    "active_layers": [],
    "groups": 0,
    "num_blocks": 4,
    "num_free_blocks": 4,
    "request_counts": [
      0,
      0
    ],
    "rows": {
      "0": [
        0,
        1,
        2,
        3,
        4
      ],
      "1": [
        5
      ]
    },
    "fp16_logits_exact": true,
    "queues_unchanged": true
  }
}
