run 1/32: v11-phase_c-one-00-fp16 attempt 0
run 2/32: v11-phase_c-one-00-dynamic attempt 0
run 3/32: v11-phase_c-two-00-dynamic attempt 0
run 4/32: v11-phase_c-two-00-fp16 attempt 0
run 5/32: v11-phase_c-one-01-dynamic attempt 0
run 6/32: v11-phase_c-one-01-fp16 attempt 0
run 7/32: v11-phase_c-two-01-fp16 attempt 0
run 8/32: v11-phase_c-two-01-dynamic attempt 0
run 9/32: v11-phase_c-one-02-fp16 attempt 0
run 10/32: v11-phase_c-one-02-dynamic attempt 0
run 11/32: v11-phase_c-two-02-dynamic attempt 0
run 12/32: v11-phase_c-two-02-fp16 attempt 0
run 13/32: v11-phase_c-one-03-dynamic attempt 0
run 14/32: v11-phase_c-one-03-fp16 attempt 0
run 15/32: v11-phase_c-two-03-fp16 attempt 0
run 16/32: v11-phase_c-two-03-dynamic attempt 0
run 17/32: v11-phase_c-one-04-fp16 attempt 0
run 18/32: v11-phase_c-one-04-dynamic attempt 0
run 19/32: v11-phase_c-two-04-dynamic attempt 0
run 20/32: v11-phase_c-two-04-fp16 attempt 0
run 21/32: v11-phase_c-one-05-dynamic attempt 0
run 22/32: v11-phase_c-one-05-fp16 attempt 0
run 23/32: v11-phase_c-two-05-fp16 attempt 0
run 24/32: v11-phase_c-two-05-dynamic attempt 0
run 25/32: v11-phase_c-one-06-fp16 attempt 0
run 26/32: v11-phase_c-one-06-dynamic attempt 0
run 27/32: v11-phase_c-two-06-dynamic attempt 0
run 28/32: v11-phase_c-two-06-fp16 attempt 0
run 29/32: v11-phase_c-one-07-dynamic attempt 0
run 30/32: v11-phase_c-one-07-fp16 attempt 0
run 31/32: v11-phase_c-two-07-fp16 attempt 0
run 32/32: v11-phase_c-two-07-dynamic attempt 0
v11 phase_c run plan complete: 32/32 valid
