{
  "check_count": 103,
  "checks": {
    "fidelity_recomputed": true,
    "headline_table_recomputed": true,
    "performance_gates_recomputed": true,
    "phased_reversibility_recomputed": true,
    "quality_decision_recomputed": true,
    "quality_f1_and_paired_ci_recomputed": true,
    "systems_decision_recomputed": true,
    "v9-high-closed_loop_dynamic-rep0:arrival_schedule_recomputed": true,
    "v9-high-closed_loop_dynamic-rep0:capacity_and_policy_reference_recomputed": true,
    "v9-high-closed_loop_dynamic-rep0:controller_windows_recomputed": true,
    "v9-high-closed_loop_dynamic-rep0:request_arrays_recomputed": true,
    "v9-high-closed_loop_dynamic-rep0:serving_metrics_recomputed": true,
    "v9-high-closed_loop_dynamic-rep0:transition_endpoints_recomputed": true,
    "v9-high-closed_loop_dynamic-rep1:arrival_schedule_recomputed": true,
    "v9-high-closed_loop_dynamic-rep1:capacity_and_policy_reference_recomputed": true,
    "v9-high-closed_loop_dynamic-rep1:controller_windows_recomputed": true,
    "v9-high-closed_loop_dynamic-rep1:request_arrays_recomputed": true,
    "v9-high-closed_loop_dynamic-rep1:serving_metrics_recomputed": true,
    "v9-high-closed_loop_dynamic-rep1:transition_endpoints_recomputed": true,
    "v9-high-runtime_static_awq_w4_16-rep0:arrival_schedule_recomputed": true,
    "v9-high-runtime_static_awq_w4_16-rep0:capacity_and_policy_reference_recomputed": true,
    "v9-high-runtime_static_awq_w4_16-rep0:request_arrays_recomputed": true,
    "v9-high-runtime_static_awq_w4_16-rep0:serving_metrics_recomputed": true,
    "v9-high-runtime_static_awq_w4_16-rep0:transition_endpoints_recomputed": true,
    "v9-high-runtime_static_awq_w4_16-rep1:arrival_schedule_recomputed": true,
    "v9-high-runtime_static_awq_w4_16-rep1:capacity_and_policy_reference_recomputed": true,
    "v9-high-runtime_static_awq_w4_16-rep1:request_arrays_recomputed": true,
    "v9-high-runtime_static_awq_w4_16-rep1:serving_metrics_recomputed": true,
    "v9-high-runtime_static_awq_w4_16-rep1:transition_endpoints_recomputed": true,
    "v9-high-runtime_static_fp16-rep0:arrival_schedule_recomputed": true,
    "v9-high-runtime_static_fp16-rep0:capacity_and_policy_reference_recomputed": true,
    "v9-high-runtime_static_fp16-rep0:request_arrays_recomputed": true,
    "v9-high-runtime_static_fp16-rep0:serving_metrics_recomputed": true,
    "v9-high-runtime_static_fp16-rep0:transition_endpoints_recomputed": true,
    "v9-high-runtime_static_fp16-rep1:arrival_schedule_recomputed": true,
    "v9-high-runtime_static_fp16-rep1:capacity_and_policy_reference_recomputed": true,
    "v9-high-runtime_static_fp16-rep1:request_arrays_recomputed": true,
    "v9-high-runtime_static_fp16-rep1:serving_metrics_recomputed": true,
    "v9-high-runtime_static_fp16-rep1:transition_endpoints_recomputed": true,
    "v9-low-closed_loop_dynamic-rep0:arrival_schedule_recomputed": true,
    "v9-low-closed_loop_dynamic-rep0:capacity_and_policy_reference_recomputed": true,
    "v9-low-closed_loop_dynamic-rep0:controller_windows_recomputed": true,
    "v9-low-closed_loop_dynamic-rep0:request_arrays_recomputed": true,
    "v9-low-closed_loop_dynamic-rep0:serving_metrics_recomputed": true,
    "v9-low-closed_loop_dynamic-rep0:transition_endpoints_recomputed": true,
    "v9-low-closed_loop_dynamic-rep1:arrival_schedule_recomputed": true,
    "v9-low-closed_loop_dynamic-rep1:capacity_and_policy_reference_recomputed": true,
    "v9-low-closed_loop_dynamic-rep1:controller_windows_recomputed": true,
    "v9-low-closed_loop_dynamic-rep1:request_arrays_recomputed": true,
    "v9-low-closed_loop_dynamic-rep1:serving_metrics_recomputed": true,
    "v9-low-closed_loop_dynamic-rep1:transition_endpoints_recomputed": true,
    "v9-low-runtime_static_awq_w4_16-rep0:arrival_schedule_recomputed": true,
    "v9-low-runtime_static_awq_w4_16-rep0:capacity_and_policy_reference_recomputed": true,
    "v9-low-runtime_static_awq_w4_16-rep0:request_arrays_recomputed": true,
    "v9-low-runtime_static_awq_w4_16-rep0:serving_metrics_recomputed": true,
    "v9-low-runtime_static_awq_w4_16-rep0:transition_endpoints_recomputed": true,
    "v9-low-runtime_static_awq_w4_16-rep1:arrival_schedule_recomputed": true,
    "v9-low-runtime_static_awq_w4_16-rep1:capacity_and_policy_reference_recomputed": true,
    "v9-low-runtime_static_awq_w4_16-rep1:request_arrays_recomputed": true,
    "v9-low-runtime_static_awq_w4_16-rep1:serving_metrics_recomputed": true,
    "v9-low-runtime_static_awq_w4_16-rep1:transition_endpoints_recomputed": true,
    "v9-low-runtime_static_fp16-rep0:arrival_schedule_recomputed": true,
    "v9-low-runtime_static_fp16-rep0:capacity_and_policy_reference_recomputed": true,
    "v9-low-runtime_static_fp16-rep0:request_arrays_recomputed": true,
    "v9-low-runtime_static_fp16-rep0:serving_metrics_recomputed": true,
    "v9-low-runtime_static_fp16-rep0:transition_endpoints_recomputed": true,
    "v9-low-runtime_static_fp16-rep1:arrival_schedule_recomputed": true,
    "v9-low-runtime_static_fp16-rep1:capacity_and_policy_reference_recomputed": true,
    "v9-low-runtime_static_fp16-rep1:request_arrays_recomputed": true,
    "v9-low-runtime_static_fp16-rep1:serving_metrics_recomputed": true,
    "v9-low-runtime_static_fp16-rep1:transition_endpoints_recomputed": true,
    "v9-low_high_low-closed_loop_dynamic-rep0:arrival_schedule_recomputed": true,
    "v9-low_high_low-closed_loop_dynamic-rep0:capacity_and_policy_reference_recomputed": true,
    "v9-low_high_low-closed_loop_dynamic-rep0:controller_windows_recomputed": true,
    "v9-low_high_low-closed_loop_dynamic-rep0:request_arrays_recomputed": true,
    "v9-low_high_low-closed_loop_dynamic-rep0:serving_metrics_recomputed": true,
    "v9-low_high_low-closed_loop_dynamic-rep0:transition_endpoints_recomputed": true,
    "v9-low_high_low-closed_loop_dynamic-rep1:arrival_schedule_recomputed": true,
    "v9-low_high_low-closed_loop_dynamic-rep1:capacity_and_policy_reference_recomputed": true,
    "v9-low_high_low-closed_loop_dynamic-rep1:controller_windows_recomputed": true,
    "v9-low_high_low-closed_loop_dynamic-rep1:request_arrays_recomputed": true,
    "v9-low_high_low-closed_loop_dynamic-rep1:serving_metrics_recomputed": true,
    "v9-low_high_low-closed_loop_dynamic-rep1:transition_endpoints_recomputed": true,
    "v9-low_high_low-runtime_static_awq_w4_16-rep0:arrival_schedule_recomputed": true,
    "v9-low_high_low-runtime_static_awq_w4_16-rep0:capacity_and_policy_reference_recomputed": true,
    "v9-low_high_low-runtime_static_awq_w4_16-rep0:request_arrays_recomputed": true,
    "v9-low_high_low-runtime_static_awq_w4_16-rep0:serving_metrics_recomputed": true,
    "v9-low_high_low-runtime_static_awq_w4_16-rep0:transition_endpoints_recomputed": true,
    "v9-low_high_low-runtime_static_awq_w4_16-rep1:arrival_schedule_recomputed": true,
    "v9-low_high_low-runtime_static_awq_w4_16-rep1:capacity_and_policy_reference_recomputed": true,
    "v9-low_high_low-runtime_static_awq_w4_16-rep1:request_arrays_recomputed": true,
    "v9-low_high_low-runtime_static_awq_w4_16-rep1:serving_metrics_recomputed": true,
    "v9-low_high_low-runtime_static_awq_w4_16-rep1:transition_endpoints_recomputed": true,
    "v9-low_high_low-runtime_static_fp16-rep0:arrival_schedule_recomputed": true,
    "v9-low_high_low-runtime_static_fp16-rep0:capacity_and_policy_reference_recomputed": true,
    "v9-low_high_low-runtime_static_fp16-rep0:request_arrays_recomputed": true,
    "v9-low_high_low-runtime_static_fp16-rep0:serving_metrics_recomputed": true,
    "v9-low_high_low-runtime_static_fp16-rep0:transition_endpoints_recomputed": true,
    "v9-low_high_low-runtime_static_fp16-rep1:arrival_schedule_recomputed": true,
    "v9-low_high_low-runtime_static_fp16-rep1:capacity_and_policy_reference_recomputed": true,
    "v9-low_high_low-runtime_static_fp16-rep1:request_arrays_recomputed": true,
    "v9-low_high_low-runtime_static_fp16-rep1:serving_metrics_recomputed": true,
    "v9-low_high_low-runtime_static_fp16-rep1:transition_endpoints_recomputed": true
  },
  "failed_checks": [],
  "recomputed_dynamic_minus_awq_f1_ci95_pp": [
    -1.5816154536709228,
    3.819033084165772
  ],
  "recomputed_noise_thresholds_s": {
    "high": 0.7759973751000011,
    "low": 3.5560762431499997,
    "low_high_low": 1.6933876021500005
  },
  "recomputed_performance_gates": {
    "high_enters_awq_both": true,
    "high_improvement_exceeds_noise_both": true,
    "high_preemption_aligned": true,
    "high_queue_area_kv_aligned_both": false,
    "high_throughput_gate": false,
    "low_fp16_like_within_noise_both": true,
    "low_no_false_entry_both": true
  },
  "recomputed_quality_latency_tradeoff_decision": "NO-GO",
  "recomputed_systems_adaptation_decision": "NO-GO",
  "role": "post-result independent verifier; it does not change the pre-registered policy, workloads, gates, or frozen analyzer",
  "schema_version": 1,
  "status": "PASS",
  "verifier_sha256": "2ebd8aa90c1fa887de3f55162fc008e1f4dc0786d5b600abde35830601a7f173"
}
