[Weight] Allocating 14.96 GB pinned memory buffer
[Weight] Pre-allocating GPU buffer
[Weight] Freeing pinned CPU memory...
[Weight] model loaded successfully.
[Model.init_kvcache_and_swap] self.k_cache.shape: torch.Size([8, 32, 8, 16, 128])
[Model.init_kvcache_and_swap] self.v_cache.shape: torch.Size([8, 32, 8, 16, 128])
{
  "gate": {
    "submit_span_under_100ms": true,
    "all_complete": true,
    "all_ids_once": true,
    "required_metadata": true,
    "final_kv_fully_free": true,
    "preemptions_explicitly_not_measured": true,
    "summary_regenerates": true
  },
  "summary": {
    "schema_version": 1,
    "request_count": 3,
    "completed_count": 3,
    "error_count": 0,
    "timeout_count": 0,
    "submitted_ids": [
      "syn-0",
      "syn-1",
      "syn-2"
    ],
    "total_emitted_tokens": 9,
    "p95_ttft_s": 0.05971378864487633,
    "p99_tpot_s": 0.06820050033857114,
    "percentile_definition": "Hyndman-Fan type 7 linear interpolation over per-request TTFT and per-token TPOT intervals"
  },
  "submit_times": [
    8.299399632960558e-05,
    0.010932734003290534,
    0.021130901062861085
  ]
}
