./csrc/build/lib.linux-x86_64-cpython-310/swiftllm_c.cpython-310-x86_64-linux-gnu.so: OK
./csrc/build/lib.linux-x86_64-cpython-311/swiftllm_c.cpython-311-x86_64-linux-gnu.so: OK
./csrc/build/temp.linux-x86_64-cpython-310/build.ninja: OK
./csrc/build/temp.linux-x86_64-cpython-310/.ninja_deps: OK
./csrc/build/temp.linux-x86_64-cpython-310/.ninja_log: OK
./csrc/build/temp.linux-x86_64-cpython-310/src/block_swapping.o: OK
./csrc/build/temp.linux-x86_64-cpython-310/src/entrypoints.o: OK
./csrc/build/temp.linux-x86_64-cpython-310/src/memory_manager.o: OK
./csrc/build/temp.linux-x86_64-cpython-311/build.ninja: OK
./csrc/build/temp.linux-x86_64-cpython-311/.ninja_deps: OK
./csrc/build/temp.linux-x86_64-cpython-311/.ninja_log: OK
./csrc/build/temp.linux-x86_64-cpython-311/src/block_swapping.o: OK
./csrc/build/temp.linux-x86_64-cpython-311/src/entrypoints.o: OK
./csrc/build/temp.linux-x86_64-cpython-311/src/memory_manager.o: OK
./csrc/setup.py: OK
./csrc/src/block_swapping.cpp: OK
./csrc/src/block_swapping.h: OK
./csrc/src/entrypoints.cpp: OK
./csrc/src/memory_manager.cpp: OK
./csrc/src/memory_manager.h: OK
./csrc/swiftllm_c.egg-info/dependency_links.txt: OK
./csrc/swiftllm_c.egg-info/not-zip-safe: OK
./csrc/swiftllm_c.egg-info/PKG-INFO: OK
./csrc/swiftllm_c.egg-info/SOURCES.txt: OK
./csrc/swiftllm_c.egg-info/top_level.txt: OK
./MorphServe.egg-info/dependency_links.txt: OK
./MorphServe.egg-info/SOURCES.txt: OK
./MorphServe/engine_config.py: OK
./MorphServe/__init__.py: OK
./MorphServe/model_config.py: OK
./MorphServe/__pycache__/engine_config.cpython-310.pyc: OK
./MorphServe/__pycache__/engine_config.cpython-311.pyc: OK
./MorphServe/__pycache__/__init__.cpython-310.pyc: OK
./MorphServe/__pycache__/__init__.cpython-311.pyc: OK
./MorphServe/__pycache__/model_config.cpython-310.pyc: OK
./MorphServe/__pycache__/model_config.cpython-311.pyc: OK
./MorphServe/__pycache__/utils.cpython-310.pyc: OK
./MorphServe/__pycache__/utils.cpython-311.pyc: OK
./MorphServe/server/api_server.py: OK
./MorphServe/server/engine.py: OK
./MorphServe/server/memory_utils.py: OK
./MorphServe/server/__pycache__/engine.cpython-310.pyc: OK
./MorphServe/server/__pycache__/engine.cpython-311.pyc: OK
./MorphServe/server/__pycache__/memory_utils.cpython-310.pyc: OK
./MorphServe/server/__pycache__/memory_utils.cpython-311.pyc: OK
./MorphServe/server/__pycache__/quantized_layer_manager.cpython-310.pyc: OK
./MorphServe/server/__pycache__/quantized_layer_manager.cpython-311.pyc: OK
./MorphServe/server/__pycache__/scheduler.cpython-310.pyc: OK
./MorphServe/server/__pycache__/scheduler.cpython-311.pyc: OK
./MorphServe/server/__pycache__/structs.cpython-310.pyc: OK
./MorphServe/server/__pycache__/structs.cpython-311.pyc: OK
./MorphServe/server/__pycache__/tokenization_engine.cpython-310.pyc: OK
./MorphServe/server/__pycache__/tokenization_engine.cpython-311.pyc: OK
./MorphServe/server/quantized_layer_manager.py: OK
./MorphServe/server/scheduler.py: OK
./MorphServe/server/structs.py: OK
./MorphServe/server/tokenization_engine.py: OK
./MorphServe/utils.py: OK
./MorphServe/worker/block_manager.py: OK
./MorphServe/worker/infer_state.py: OK
./MorphServe/worker/kernels/block_mgmt.py: OK
./MorphServe/worker/kernels/kvcache_mgmt.py: OK
./MorphServe/worker/kernels/linear.py: OK
./MorphServe/worker/kernels/paged_attn.py: OK
./MorphServe/worker/kernels/prefill_attn.py: OK
./MorphServe/worker/kernels/__pycache__/block_mgmt.cpython-310.pyc: OK
./MorphServe/worker/kernels/__pycache__/block_mgmt.cpython-311.pyc: OK
./MorphServe/worker/kernels/__pycache__/kvcache_mgmt.cpython-310.pyc: OK
./MorphServe/worker/kernels/__pycache__/kvcache_mgmt.cpython-311.pyc: OK
./MorphServe/worker/kernels/__pycache__/linear.cpython-310.pyc: OK
./MorphServe/worker/kernels/__pycache__/linear.cpython-311.pyc: OK
./MorphServe/worker/kernels/__pycache__/paged_attn.cpython-310.pyc: OK
./MorphServe/worker/kernels/__pycache__/paged_attn.cpython-311.pyc: OK
./MorphServe/worker/kernels/__pycache__/rmsnorm.cpython-310.pyc: OK
./MorphServe/worker/kernels/__pycache__/rmsnorm.cpython-311.pyc: OK
./MorphServe/worker/kernels/__pycache__/rotary_emb.cpython-310.pyc: OK
./MorphServe/worker/kernels/__pycache__/rotary_emb.cpython-311.pyc: OK
./MorphServe/worker/kernels/__pycache__/silu_and_mul.cpython-310.pyc: OK
./MorphServe/worker/kernels/__pycache__/silu_and_mul.cpython-311.pyc: OK
./MorphServe/worker/kernels/rmsnorm.py: OK
./MorphServe/worker/kernels/rotary_emb.py: OK
./MorphServe/worker/kernels/silu_and_mul.py: OK
./MorphServe/worker/layers/post_layer.py: OK
./MorphServe/worker/layers/pre_layer.py: OK
./MorphServe/worker/layers/__pycache__/post_layer.cpython-310.pyc: OK
./MorphServe/worker/layers/__pycache__/post_layer.cpython-311.pyc: OK
./MorphServe/worker/layers/__pycache__/pre_layer.cpython-310.pyc: OK
./MorphServe/worker/layers/__pycache__/pre_layer.cpython-311.pyc: OK
./MorphServe/worker/layers/__pycache__/transformer_layer.cpython-310.pyc: OK
./MorphServe/worker/layers/__pycache__/transformer_layer.cpython-311.pyc: OK
./MorphServe/worker/layers/transformer_layer.py: OK
./MorphServe/worker/model.py: OK
./MorphServe/worker/__pycache__/block_manager.cpython-310.pyc: OK
./MorphServe/worker/__pycache__/block_manager.cpython-311.pyc: OK
./MorphServe/worker/__pycache__/infer_state.cpython-310.pyc: OK
./MorphServe/worker/__pycache__/infer_state.cpython-311.pyc: OK
./MorphServe/worker/__pycache__/model.cpython-310.pyc: OK
./MorphServe/worker/__pycache__/model.cpython-311.pyc: OK
./MorphServe/worker/__pycache__/weight.cpython-310.pyc: OK
./MorphServe/worker/__pycache__/weight.cpython-311.pyc: OK
./MorphServe/worker/weight.py: OK
./README.md: OK
./requirements.txt: OK
./setup.py: OK
./UPSTREAM_COMMIT: OK
./UPSTREAM_URL: OK
