[Weight] Allocating 14.96 GB pinned memory buffer
[Weight] Pre-allocating GPU buffer
[Weight] Freeing pinned CPU memory...
[Weight] model loaded successfully.
{
  "order": [
    25,
    24,
    26,
    27,
    28,
    29,
    30,
    31
  ],
  "lts": {
    "24": 0.9691097736358643,
    "25": 0.9703394174575806,
    "26": 0.968193769454956,
    "27": 0.9655192494392395,
    "28": 0.9641124606132507,
    "29": 0.9492411613464355,
    "30": 0.895855724811554,
    "31": 0.5562435984611511
  },
  "lrs": {
    "24": 1.000104308128357,
    "25": 1.0001015663146973,
    "26": 1.0001003742218018,
    "27": 1.0000271797180176,
    "28": 1.0000131130218506,
    "29": 0.9997166395187378,
    "30": 0.9992213249206543,
    "31": 0.9983987212181091
  },
  "mds_calls": [
    {
      "layer": 24,
      "quantized_before": [],
      "set": [
        24
      ],
      "value": 0.9983006119728088
    },
    {
      "layer": 25,
      "quantized_before": [],
      "set": [
        25
      ],
      "value": 0.9987286329269409
    },
    {
      "layer": 26,
      "quantized_before": [],
      "set": [
        26
      ],
      "value": 0.9986518025398254
    },
    {
      "layer": 27,
      "quantized_before": [],
      "set": [
        27
      ],
      "value": 0.9988436698913574
    },
    {
      "layer": 28,
      "quantized_before": [],
      "set": [
        28
      ],
      "value": 0.9984803795814514
    },
    {
      "layer": 29,
      "quantized_before": [],
      "set": [
        29
      ],
      "value": 0.9983512759208679
    },
    {
      "layer": 30,
      "quantized_before": [],
      "set": [
        30
      ],
      "value": 0.9986203908920288
    },
    {
      "layer": 31,
      "quantized_before": [],
      "set": [
        31
      ],
      "value": 0.9980236291885376
    },
    {
      "layer": 24,
      "quantized_before": [
        25
      ],
      "set": [
        24,
        25
      ],
      "value": 0.9982221126556396
    },
    {
      "layer": 26,
      "quantized_before": [
        25
      ],
      "set": [
        25,
        26
      ],
      "value": 0.9986396431922913
    },
    {
      "layer": 27,
      "quantized_before": [
        25
      ],
      "set": [
        25,
        27
      ],
      "value": 0.998871386051178
    },
    {
      "layer": 28,
      "quantized_before": [
        25
      ],
      "set": [
        25,
        28
      ],
      "value": 0.9984753727912903
    },
    {
      "layer": 29,
      "quantized_before": [
        25
      ],
      "set": [
        25,
        29
      ],
      "value": 0.998407244682312
    },
    {
      "layer": 30,
      "quantized_before": [
        25
      ],
      "set": [
        25,
        30
      ],
      "value": 0.9986591339111328
    },
    {
      "layer": 31,
      "quantized_before": [
        25
      ],
      "set": [
        25,
        31
      ],
      "value": 0.9979782104492188
    },
    {
      "layer": 26,
      "quantized_before": [
        25,
        24
      ],
      "set": [
        24,
        25,
        26
      ],
      "value": 0.9986395239830017
    },
    {
      "layer": 27,
      "quantized_before": [
        25,
        24
      ],
      "set": [
        24,
        25,
        27
      ],
      "value": 0.9988303184509277
    },
    {
      "layer": 28,
      "quantized_before": [
        25,
        24
      ],
      "set": [
        24,
        25,
        28
      ],
      "value": 0.9984977841377258
    },
    {
      "layer": 29,
      "quantized_before": [
        25,
        24
      ],
      "set": [
        24,
        25,
        29
      ],
      "value": 0.998531699180603
    },
    {
      "layer": 30,
      "quantized_before": [
        25,
        24
      ],
      "set": [
        24,
        25,
        30
      ],
      "value": 0.9985953569412231
    },
    {
      "layer": 31,
      "quantized_before": [
        25,
        24
      ],
      "set": [
        24,
        25,
        31
      ],
      "value": 0.9979943037033081
    },
    {
      "layer": 27,
      "quantized_before": [
        25,
        24,
        26
      ],
      "set": [
        24,
        25,
        26,
        27
      ],
      "value": 0.9987692832946777
    },
    {
      "layer": 28,
      "quantized_before": [
        25,
        24,
        26
      ],
      "set": [
        24,
        25,
        26,
        28
      ],
      "value": 0.9985371828079224
    },
    {
      "layer": 29,
      "quantized_before": [
        25,
        24,
        26
      ],
      "set": [
        24,
        25,
        26,
        29
      ],
      "value": 0.9984325170516968
    },
    {
      "layer": 30,
      "quantized_before": [
        25,
        24,
        26
      ],
      "set": [
        24,
        25,
        26,
        30
      ],
      "value": 0.9985946416854858
    },
    {
      "layer": 31,
      "quantized_before": [
        25,
        24,
        26
      ],
      "set": [
        24,
        25,
        26,
        31
      ],
      "value": 0.9979715943336487
    },
    {
      "layer": 28,
      "quantized_before": [
        25,
        24,
        26,
        27
      ],
      "set": [
        24,
        25,
        26,
        27,
        28
      ],
      "value": 0.9985944032669067
    },
    {
      "layer": 29,
      "quantized_before": [
        25,
        24,
        26,
        27
      ],
      "set": [
        24,
        25,
        26,
        27,
        29
      ],
      "value": 0.998427152633667
    },
    {
      "layer": 30,
      "quantized_before": [
        25,
        24,
        26,
        27
      ],
      "set": [
        24,
        25,
        26,
        27,
        30
      ],
      "value": 0.9986010193824768
    },
    {
      "layer": 31,
      "quantized_before": [
        25,
        24,
        26,
        27
      ],
      "set": [
        24,
        25,
        26,
        27,
        31
      ],
      "value": 0.9980583786964417
    },
    {
      "layer": 29,
      "quantized_before": [
        25,
        24,
        26,
        27,
        28
      ],
      "set": [
        24,
        25,
        26,
        27,
        28,
        29
      ],
      "value": 0.9984012842178345
    },
    {
      "layer": 30,
      "quantized_before": [
        25,
        24,
        26,
        27,
        28
      ],
      "set": [
        24,
        25,
        26,
        27,
        28,
        30
      ],
      "value": 0.9985916018486023
    },
    {
      "layer": 31,
      "quantized_before": [
        25,
        24,
        26,
        27,
        28
      ],
      "set": [
        24,
        25,
        26,
        27,
        28,
        31
      ],
      "value": 0.9980534315109253
    },
    {
      "layer": 30,
      "quantized_before": [
        25,
        24,
        26,
        27,
        28,
        29
      ],
      "set": [
        24,
        25,
        26,
        27,
        28,
        29,
        30
      ],
      "value": 0.9984896779060364
    },
    {
      "layer": 31,
      "quantized_before": [
        25,
        24,
        26,
        27,
        28,
        29
      ],
      "set": [
        24,
        25,
        26,
        27,
        28,
        29,
        31
      ],
      "value": 0.9979753494262695
    },
    {
      "layer": 31,
      "quantized_before": [
        25,
        24,
        26,
        27,
        28,
        29,
        30
      ],
      "set": [
        24,
        25,
        26,
        27,
        28,
        29,
        30,
        31
      ],
      "value": 0.9978837966918945
    }
  ],
  "elapsed": 58.141378429019824,
  "gate": {
    "sequence_length_2048": true,
    "local_metrics_complete": true,
    "conditioned_mds_call_count": true,
    "all_unique_sets_evaluated": true,
    "profile_step_count": true,
    "candidate_counts_descend": true,
    "all_restores_exact": true,
    "final_fp16_logits_exact": true
  }
}
